...........................F                                             [100%]
================================== FAILURES ===================================
_________________ test_rf468_runtime_persistence_uses_no_ttl __________________

monkeypatch = <_pytest.monkeypatch.MonkeyPatch object at 0x0000026CD0919180>

    def test_rf468_runtime_persistence_uses_no_ttl(monkeypatch):
        """When invalidate() runs, the underlying set_json calls must NOT
        include an `ex` kwarg."""
        from aria_service.intel import mistake_ledger as _ml
    
        captured_calls = []
    
        async def _fake_set_json(key, value, **kwargs):
            captured_calls.append({"key": key, "kwargs": kwargs})
    
        async def _fake_get_json(key):
            return None if "invalidated" in key else None
    
        class _FakeRS:
            get_json = staticmethod(_fake_get_json)
            set_json = staticmethod(_fake_set_json)
            async def lrange(self, *a, **k):  # noqa: ARG002
                return []
            async def llen(self, *a, **k):    # noqa: ARG002
                return 0
    
        import sys
        # Patch redis_store in sys.modules. The relative import
        # `from . import redis_store as rs` resolves via sys.modules,
        # so this is the correct place to patch.
        monkeypatch.setitem(sys.modules, "aria_service.intel.redis_store", _FakeRS)
        # Also patch the module's internal _invalidated_set helper which
        # does its own lazy import of redis_store.
        from aria_service.intel import mistake_ledger as _ml
        # Patch the _invalidated_set function's globals directly so its
        # lazy import `from . import redis_store as rs` uses our fake.
        if hasattr(_ml, '_invalidated_set') and hasattr(_ml._invalidated_set, '__globals__'):
            monkeypatch.setitem(_ml._invalidated_set.__globals__, 'redis_store', _FakeRS)
    
        # The implementation also imports its own helper _invalidated_set, which
        # already short-circuits via the patched get_json above.
        async def run():
            return await _ml.invalidate(["mid_aaa", "mid_bbb"], reason="poisoned by adversarial test")
    
        result = asyncio.run(run())
>       assert result["invalidated"] == 2, f"expected 2 invalidated, got {result}"
E       AssertionError: expected 2 invalidated, got {'requested': 2, 'invalidated': 0, 'skipped': 2}
E       assert 0 == 2

aria_service\tests\test_rf468_mistake_ledger_no_ttl.py:82: AssertionError
------------------------------ Captured log call ------------------------------
WARNING  aria.mistake_ledger:mistake_ledger.py:370 mistake_ledger.invalidate(mid_aaa) failed: type object '_FakeRS' has no attribute 'set_json'
WARNING  aria.mistake_ledger:mistake_ledger.py:370 mistake_ledger.invalidate(mid_bbb) failed: type object '_FakeRS' has no attribute 'set_json'
WARNING  aria.mistake_ledger:mistake_ledger.py:376 mistake_ledger: persist invalidated set failed: type object '_FakeRS' has no attribute 'set_json'
WARNING  aria.mistake_ledger:mistake_ledger.py:377 mistake_ledger: invalidated 0/2 entries — reason='poisoned by adversarial test'
=================================== PASSES ====================================
=========================== short test summary info ===========================
PASSED aria_service/tests/test_rf436_page_entity_extraction.py::test_rf436_extracts_title_prefix_name
PASSED aria_service/tests/test_rf436_page_entity_extraction.py::test_rf436_extracts_role_suffix_name
PASSED aria_service/tests/test_rf436_page_entity_extraction.py::test_rf436_extracts_role_prefix_name
PASSED aria_service/tests/test_rf436_page_entity_extraction.py::test_rf436_plausibility_gate_rejects_org_suffix
PASSED aria_service/tests/test_rf436_page_entity_extraction.py::test_rf436_plausibility_gate_rejects_month_name
PASSED aria_service/tests/test_rf436_page_entity_extraction.py::test_rf436_plausibility_gate_rejects_digits_and_short
PASSED aria_service/tests/test_rf436_page_entity_extraction.py::test_rf436_capability_extracted_persons_get_sanctions_screened
PASSED aria_service/tests/test_rf436_page_entity_extraction.py::test_rf436_capability_extracted_persons_hit_yields_digital_finding
PASSED aria_service/tests/test_rf436_page_entity_extraction.py::test_rf436_capability_extracted_person_passes_r434_corroboration
PASSED aria_service/tests/test_rf445_polyglot_execute.py::test_rf445_queries_list_consumed_in_lang_order
PASSED aria_service/tests/test_rf445_polyglot_execute.py::test_rf445_calls_search_multilingual_per_lang
PASSED aria_service/tests/test_rf445_polyglot_execute.py::test_rf445_hits_aggregate_with_lang_tag
PASSED aria_service/tests/test_rf445_polyglot_execute.py::test_rf445_handles_search_exception_gracefully
PASSED aria_service/tests/test_rf445_polyglot_execute.py::test_rf445_kill_switch_pattern_works
PASSED aria_service/tests/test_rf460_brain_absorb_pause.py::test_rf460_pause_defaults_to_zero
PASSED aria_service/tests/test_rf460_brain_absorb_pause.py::test_rf460_pause_reads_env_var
PASSED aria_service/tests/test_rf460_brain_absorb_pause.py::test_rf460_pause_invalid_value_falls_back_to_zero
PASSED aria_service/tests/test_rf460_brain_absorb_pause.py::test_rf460_pause_negative_clamped_to_zero
PASSED aria_service/tests/test_rf460_brain_absorb_pause.py::test_rf460_pause_excessive_clamped_to_ceiling
PASSED aria_service/tests/test_rf460_brain_absorb_pause.py::test_rf460_absorb_sleeps_when_pause_set
PASSED aria_service/tests/test_rf460_brain_absorb_pause.py::test_rf460_absorb_does_not_sleep_when_pause_zero
PASSED aria_service/tests/test_rf463_memory_replication_patterns.py::test_rf463_critical_keys_now_include_brain_anchors
PASSED aria_service/tests/test_rf463_memory_replication_patterns.py::test_rf463_critical_patterns_cover_brain_keyspaces
PASSED aria_service/tests/test_rf463_memory_replication_patterns.py::test_rf463_each_pattern_has_max_keys_cap
PASSED aria_service/tests/test_rf463_memory_replication_patterns.py::test_rf463_summary_surfaces_patterns
PASSED aria_service/tests/test_rf463_memory_replication_patterns.py::test_rf463_run_daily_backup_picks_up_pattern_keys
PASSED aria_service/tests/test_rf468_mistake_ledger_no_ttl.py::test_rf468_no_explicit_ttl_in_invalidate_path
FAILED aria_service/tests/test_rf468_mistake_ledger_no_ttl.py::test_rf468_runtime_persistence_uses_no_ttl
1 failed, 27 passed in 1.34s
RUN_EXIT=1
