...................................F.................................... [ 43%]
....................................s................................... [ 87%]
....................                                                     [100%]
================================== FAILURES ===================================
______________ test_opensanctions_search_rejects_prompt_fragment ______________

    def test_opensanctions_search_rejects_prompt_fragment():
        """F73 2026-04-28: production trace 10:13:40 sent a system-prompt
        fragment as `q=` to /search/default and OpenSanctions returned 400.
        The same `_looks_like_entity_name` guard that gates `screen_with_aliases`
        must now also gate `_opensanctions_search`, so non-entity input
        never reaches the upstream API."""
        from aria_service.intel import sanctions
    
        # The exact (decoded) query from the production trace.
        bad_query = (
            "HIGH-STAKES and you are NOT 100% confident, state what you "
            "would need to confirm — do NOT fabricate verifiable facts "
            "(jurisdictions, financials"
        )
    
        sent_to_http: list = []
    
        async def fake_get(*args, **kwargs):
            sent_to_http.append(kwargs.get("params"))
            # Non-200 to make sure we'd notice if it slipped through
            class _Fake:
                status_code = 400
                def json(self): return {}
            return _Fake()
    
        async def run():
            # If the guard works, AsyncClient.get is never called.
            import httpx
            with patch.object(httpx.AsyncClient, "get", new=fake_get):
                result = await sanctions._opensanctions_search(bad_query, limit=8)
            return result
    
        result = asyncio.run(run())
>       assert result == [], (
            f"prompt-fragment search should return [] without hitting "
            f"OpenSanctions, got {result!r}"
        )
E       AssertionError: prompt-fragment search should return [] without hitting OpenSanctions, got _SourceQuery(results=[], ok=False, reason='input_rejected')
E       assert _SourceQuery(...put_rejected') == []
E         
E         Left contains 3 more items, first extra item: []
E         Use -v to get more diff

aria_service\tests\test_cooldown_persist_and_log_hygiene.py:266: AssertionError
============================== warnings summary ===============================
..\..\Users\anton\AppData\Local\Programs\Python\Python313\Lib\site-packages\fastapi\testclient.py:1
  C:\Users\anton\AppData\Local\Programs\Python\Python313\Lib\site-packages\fastapi\testclient.py:1: StarletteDeprecationWarning: Using `httpx` with `starlette.testclient` is deprecated; install `httpx2` instead.
    from starlette.testclient import TestClient as TestClient  # noqa

aria_service\autonomous\gap_detector.py:1522
  C:\code\crucix\aria_service\autonomous\gap_detector.py:1522: PytestCollectionWarning: cannot collect test class 'TestFailureExtractor' because it has a __init__ constructor (from: aria_service/tests/test_cap_test_test_failure_extractor.py)
    class TestFailureExtractor:

-- Docs: https://docs.pytest.org/en/stable/how-to/capture-warnings.html
=========================== short test summary info ===========================
FAILED aria_service/tests/test_cooldown_persist_and_log_hygiene.py::test_opensanctions_search_rejects_prompt_fragment
1 failed, 162 passed, 3 skipped, 6749 deselected, 2 warnings in 21.72s
EXIT=1
