.....................................................F....               [100%]
================================== FAILURES ===================================
______ test_register_existing_account_no_key_retrieves_instead_of_faking ______

    @pytest.mark.asyncio
    async def test_register_existing_account_no_key_retrieves_instead_of_faking():
        store, _get, _store = _seed(no_key=True)
        with patch.object(pr, "is_registered", AsyncMock(return_value=True)), \
             patch.object(pr, "get_credential", _get), \
             patch.object(pr, "store_credential", _store), \
             patch.object(pr, "_retrieve_api_key", AsyncMock(return_value=["realkey32hexbbbbbbbbbbbbbbbbbbbb"])), \
             patch.object(pr, "_verify_api_key", AsyncMock(return_value=True)):
            res = await pr.register_for_portal("newsapi")
>       assert res["success"] is True
E       assert False is True

aria_service\tests\test_rf1721_registered_requires_key.py:46: AssertionError
============================== warnings summary ===============================
..\..\Users\anton\AppData\Local\Programs\Python\Python313\Lib\site-packages\fastapi\testclient.py:1
  C:\Users\anton\AppData\Local\Programs\Python\Python313\Lib\site-packages\fastapi\testclient.py:1: StarletteDeprecationWarning: Using `httpx` with `starlette.testclient` is deprecated; install `httpx2` instead.
    from starlette.testclient import TestClient as TestClient  # noqa

aria_service\autonomous\gap_detector.py:1522
  C:\code\crucix\aria_service\autonomous\gap_detector.py:1522: PytestCollectionWarning: cannot collect test class 'TestFailureExtractor' because it has a __init__ constructor (from: aria_service/tests/test_cap_test_test_failure_extractor.py)
    class TestFailureExtractor:

-- Docs: https://docs.pytest.org/en/stable/how-to/capture-warnings.html
=========================== short test summary info ===========================
FAILED aria_service/tests/test_rf1721_registered_requires_key.py::test_register_existing_account_no_key_retrieves_instead_of_faking
1 failed, 57 passed, 2 skipped, 6849 deselected, 2 warnings in 127.57s (0:02:07)
EXIT=1
